[debug] [2026-03-23T18:30:02.421Z] ----------------------------------------------------------------------
[debug] [2026-03-23T18:30:02.428Z] Command:       /opt/homebrew/Cellar/node/24.5.0/bin/node /opt/homebrew/bin/firebase init
[debug] [2026-03-23T18:30:02.428Z] CLI Version:   15.11.0
[debug] [2026-03-23T18:30:02.428Z] Platform:      darwin
[debug] [2026-03-23T18:30:02.428Z] Node Version:  v24.5.0
[debug] [2026-03-23T18:30:02.428Z] Time:          Mon Mar 23 2026 14:30:02 GMT-0400 (Eastern Daylight Time)
[debug] [2026-03-23T18:30:02.429Z] ----------------------------------------------------------------------
[debug] 
[info] 
     ######## #### ########  ######## ########     ###     ######  ########
     ##        ##  ##     ## ##       ##     ##  ##   ##  ##       ##
     ######    ##  ########  ######   ########  #########  ######  ######
     ##        ##  ##    ##  ##       ##     ## ##     ##       ## ##
     ##       #### ##     ## ######## ########  ##     ##  ######  ########

You're about to initialize a Firebase project in this directory:

  /Users/jani.

Before we get started, keep in mind:

  * You are initializing within an existing Firebase project directory

[info] 
=== Project Setup
[info] 
[info] First, let's associate this project directory with a Firebase project.
[info] You can create multiple project aliases by running firebase use --add, 
[info] 
[debug] [2026-03-23T18:30:09.232Z] > command requires scopes: ["email","openid","https://www.googleapis.com/auth/cloudplatformprojects.readonly","https://www.googleapis.com/auth/firebase","https://www.googleapis.com/auth/cloud-platform"]
[debug] [2026-03-23T18:30:09.233Z] > authorizing via signed-in user (janiday0913@gmail.com)
[debug] [2026-03-23T18:30:09.234Z] Checked if tokens are valid: true, expires at: 1774293517875
[debug] [2026-03-23T18:30:09.234Z] Checked if tokens are valid: true, expires at: 1774293517875
[debug] [2026-03-23T18:30:09.236Z] >>> [apiv2][query] GET https://firebase.googleapis.com/v1beta1/projects/habit-flow-e1767 [none]
[debug] [2026-03-23T18:30:09.591Z] <<< [apiv2][status] GET https://firebase.googleapis.com/v1beta1/projects/habit-flow-e1767 200
[debug] [2026-03-23T18:30:09.591Z] <<< [apiv2][body] GET https://firebase.googleapis.com/v1beta1/projects/habit-flow-e1767 {"projectId":"habit-flow-e1767","projectNumber":"980356715150","displayName":"DailyTracker","name":"projects/habit-flow-e1767","resources":{"hostingSite":"habit-flow-e1767"},"state":"ACTIVE","etag":"1_d9a645aa-4bec-4896-9940-f9726b05b5e4"}
[info] i  Using project habit-flow-e1767 (DailyTracker) . 
[info] 
=== Firestore Setup
[info] i  firestore: ensuring required API firestore.googleapis.com is enabled... 
[debug] [2026-03-23T18:30:09.607Z] Checked if tokens are valid: true, expires at: 1774293517875
[debug] [2026-03-23T18:30:09.607Z] Checked if tokens are valid: true, expires at: 1774293517875
[debug] [2026-03-23T18:30:09.608Z] >>> [apiv2][query] GET https://firestore.googleapis.com/v1/projects/habit-flow-e1767/databases [none]
[debug] [2026-03-23T18:30:10.209Z] <<< [apiv2][status] GET https://firestore.googleapis.com/v1/projects/habit-flow-e1767/databases 200
[debug] [2026-03-23T18:30:10.209Z] <<< [apiv2][body] GET https://firestore.googleapis.com/v1/projects/habit-flow-e1767/databases {}
[debug] [2026-03-23T18:30:10.210Z] Checked if tokens are valid: true, expires at: 1774293517875
[debug] [2026-03-23T18:30:10.210Z] Checked if tokens are valid: true, expires at: 1774293517875
[debug] [2026-03-23T18:30:10.210Z] >>> [apiv2][query] GET https://firestore.googleapis.com/v1/projects/habit-flow-e1767/locations [none]
[debug] [2026-03-23T18:30:10.376Z] <<< [apiv2][status] GET https://firestore.googleapis.com/v1/projects/habit-flow-e1767/locations 200
[debug] [2026-03-23T18:30:10.376Z] <<< [apiv2][body] GET https://firestore.googleapis.com/v1/projects/habit-flow-e1767/locations {"locations":[{"name":"projects/habit-flow-e1767/locations/eur3","labels":{"appengine.googleapis.com/geo":"europe-west","cloud.googleapis.com/location":"eur3","cloud.googleapis.com/geo":"eur3"},"metadata":{"@type":"type.googleapis.com/google.firestore.admin.v1.LocationMetadata"},"locationId":"eur3","displayName":"Europe"},{"name":"projects/habit-flow-e1767/locations/nam5","labels":{"appengine.googleapis.com/geo":"us-central","cloud.googleapis.com/location":"nam5","cloud.googleapis.com/geo":"nam5"},"metadata":{"@type":"type.googleapis.com/google.firestore.admin.v1.LocationMetadata"},"locationId":"nam5","displayName":"United States"},{"name":"projects/habit-flow-e1767/locations/nam7","labels":{"cloud.googleapis.com/location":"nam7","cloud.googleapis.com/geo":"nam7"},"metadata":{"@type":"type.googleapis.com/google.firestore.admin.v1.LocationMetadata"},"locationId":"nam7","displayName":"United States"},{"name":"projects/habit-flow-e1767/locations/africa-south1","labels":{"cloud.googleapis.com/location":"africa-south1","cloud.googleapis.com/region":"africa-south1"},"metadata":{"@type":"type.googleapis.com/google.firestore.admin.v1.LocationMetadata"},"locationId":"africa-south1","displayName":"Johannesburg"},{"name":"projects/habit-flow-e1767/locations/asia-east1","labels":{"appengine.googleapis.com/region":"asia-east1","cloud.googleapis.com/location":"asia-east1","cloud.googleapis.com/region":"asia-east1"},"metadata":{"@type":"type.googleapis.com/google.firestore.admin.v1.LocationMetadata"},"locationId":"asia-east1","displayName":"Taiwan"},{"name":"projects/habit-flow-e1767/locations/asia-east2","labels":{"appengine.googleapis.com/region":"asia-east2","cloud.googleapis.com/location":"asia-east2","cloud.googleapis.com/region":"asia-east2"},"metadata":{"@type":"type.googleapis.com/google.firestore.admin.v1.LocationMetadata"},"locationId":"asia-east2","displayName":"Hong Kong"},{"name":"projects/habit-flow-e1767/locations/asia-northeast1","labels":{"appengine.googleapis.com/region":"asia-northeast1","cloud.googleapis.com/location":"asia-northeast1","cloud.googleapis.com/region":"asia-northeast1"},"metadata":{"@type":"type.googleapis.com/google.firestore.admin.v1.LocationMetadata"},"locationId":"asia-northeast1","displayName":"Tokyo"},{"name":"projects/habit-flow-e1767/locations/asia-northeast2","labels":{"appengine.googleapis.com/region":"asia-northeast2","cloud.googleapis.com/location":"asia-northeast2","cloud.googleapis.com/region":"asia-northeast2"},"metadata":{"@type":"type.googleapis.com/google.firestore.admin.v1.LocationMetadata"},"locationId":"asia-northeast2","displayName":"Osaka"},{"name":"projects/habit-flow-e1767/locations/asia-northeast3","labels":{"appengine.googleapis.com/region":"asia-northeast3","cloud.googleapis.com/location":"asia-northeast3","cloud.googleapis.com/region":"asia-northeast3"},"metadata":{"@type":"type.googleapis.com/google.firestore.admin.v1.LocationMetadata"},"locationId":"asia-northeast3","displayName":"Seoul"},{"name":"projects/habit-flow-e1767/locations/asia-south1","labels":{"appengine.googleapis.com/region":"asia-south1","cloud.googleapis.com/location":"asia-south1","cloud.googleapis.com/region":"asia-south1"},"metadata":{"@type":"type.googleapis.com/google.firestore.admin.v1.LocationMetadata"},"locationId":"asia-south1","displayName":"Mumbai"},{"name":"projects/habit-flow-e1767/locations/asia-south2","labels":{"cloud.googleapis.com/location":"asia-south2","cloud.googleapis.com/region":"asia-south2"},"metadata":{"@type":"type.googleapis.com/google.firestore.admin.v1.LocationMetadata"},"locationId":"asia-south2","displayName":"Delhi"},{"name":"projects/habit-flow-e1767/locations/asia-southeast1","labels":{"appengine.googleapis.com/region":"asia-southeast1","cloud.googleapis.com/location":"asia-southeast1","cloud.googleapis.com/region":"asia-southeast1"},"metadata":{"@type":"type.googleapis.com/google.firestore.admin.v1.LocationMetadata"},"locationId":"asia-southeast1","displayName":"Singapore"},{"name":"projects/habit-flow-e1767/locations/asia-southeast2","labels":{"appengine.googleapis.com/region":"asia-southeast2","cloud.googleapis.com/location":"asia-southeast2","cloud.googleapis.com/region":"asia-southeast2"},"metadata":{"@type":"type.googleapis.com/google.firestore.admin.v1.LocationMetadata"},"locationId":"asia-southeast2","displayName":"Jakarta"},{"name":"projects/habit-flow-e1767/locations/asia-southeast3","labels":{"cloud.googleapis.com/location":"asia-southeast3","cloud.googleapis.com/region":"asia-southeast3"},"metadata":{"@type":"type.googleapis.com/google.firestore.admin.v1.LocationMetadata"},"locationId":"asia-southeast3","displayName":"Bangkok"},{"name":"projects/habit-flow-e1767/locations/australia-southeast1","labels":{"appengine.googleapis.com/region":"australia-southeast1","cloud.googleapis.com/location":"australia-southeast1","cloud.googleapis.com/region":"australia-southeast1"},"metadata":{"@type":"type.googleapis.com/google.firestore.admin.v1.LocationMetadata"},"locationId":"australia-southeast1","displayName":"Sydney"},{"name":"projects/habit-flow-e1767/locations/australia-southeast2","labels":{"cloud.googleapis.com/location":"australia-southeast2","cloud.googleapis.com/region":"australia-southeast2"},"metadata":{"@type":"type.googleapis.com/google.firestore.admin.v1.LocationMetadata"},"locationId":"australia-southeast2","displayName":"Melbourne"},{"name":"projects/habit-flow-e1767/locations/europe-central2","labels":{"appengine.googleapis.com/region":"europe-central2","cloud.googleapis.com/location":"europe-central2","cloud.googleapis.com/region":"europe-central2"},"metadata":{"@type":"type.googleapis.com/google.firestore.admin.v1.LocationMetadata"},"locationId":"europe-central2","displayName":"Warsaw"},{"name":"projects/habit-flow-e1767/locations/europe-north1","labels":{"cloud.googleapis.com/location":"europe-north1","cloud.googleapis.com/region":"europe-north1"},"metadata":{"@type":"type.googleapis.com/google.firestore.admin.v1.LocationMetadata"},"locationId":"europe-north1","displayName":"Finland"},{"name":"projects/habit-flow-e1767/locations/europe-north2","labels":{"cloud.googleapis.com/location":"europe-north2","cloud.googleapis.com/region":"europe-north2"},"metadata":{"@type":"type.googleapis.com/google.firestore.admin.v1.LocationMetadata"},"locationId":"europe-north2","displayName":"Stockholm"},{"name":"projects/habit-flow-e1767/locations/europe-southwest1","labels":{"cloud.googleapis.com/location":"europe-southwest1","cloud.googleapis.com/region":"europe-southwest1"},"metadata":{"@type":"type.googleapis.com/google.firestore.admin.v1.LocationMetadata"},"locationId":"europe-southwest1","displayName":"Madrid"},{"name":"projects/habit-flow-e1767/locations/europe-west1","labels":{"cloud.googleapis.com/location":"europe-west1","cloud.googleapis.com/region":"europe-west1"},"metadata":{"@type":"type.googleapis.com/google.firestore.admin.v1.LocationMetadata"},"locationId":"europe-west1","displayName":"Belgium"},{"name":"projects/habit-flow-e1767/locations/europe-west10","labels":{"cloud.googleapis.com/location":"europe-west10","cloud.googleapis.com/region":"europe-west10"},"metadata":{"@type":"type.googleapis.com/google.firestore.admin.v1.LocationMetadata"},"locationId":"europe-west10","displayName":"Berlin"},{"name":"projects/habit-flow-e1767/locations/europe-west12","labels":{"cloud.googleapis.com/location":"europe-west12","cloud.googleapis.com/region":"europe-west12"},"metadata":{"@type":"type.googleapis.com/google.firestore.admin.v1.LocationMetadata"},"locationId":"europe-west12","displayName":"Turin"},{"name":"projects/habit-flow-e1767/locations/europe-west2","labels":{"appengine.googleapis.com/region":"europe-west2","cloud.googleapis.com/location":"europe-west2","cloud.googleapis.com/region":"europe-west2"},"metadata":{"@type":"type.googleapis.com/google.firestore.admin.v1.LocationMetadata"},"locationId":"europe-west2","displayName":"London"},{"name":"projects/habit-flow-e1767/locations/europe-west3","labels":{"appengine.googleapis.com/region":"europe-west3","cloud.googleapis.com/location":"europe-west3","cloud.googleapis.com/region":"europe-west3"},"metadata":{"@type":"type.googleapis.com/google.firestore.admin.v1.LocationMetadata"},"locationId":"europe-west3","displayName":"Frankfurt"},{"name":"projects/habit-flow-e1767/locations/europe-west4","labels":{"cloud.googleapis.com/location":"europe-west4","cloud.googleapis.com/region":"europe-west4"},"metadata":{"@type":"type.googleapis.com/google.firestore.admin.v1.LocationMetadata"},"locationId":"europe-west4","displayName":"Netherlands"},{"name":"projects/habit-flow-e1767/locations/europe-west6","labels":{"appengine.googleapis.com/region":"europe-west6","cloud.googleapis.com/location":"europe-west6","cloud.googleapis.com/region":"europe-west6"},"metadata":{"@type":"type.googleapis.com/google.firestore.admin.v1.LocationMetadata"},"locationId":"europe-west6","displayName":"Zurich"},{"name":"projects/habit-flow-e1767/locations/europe-west8","labels":{"cloud.googleapis.com/location":"europe-west8","cloud.googleapis.com/region":"europe-west8"},"metadata":{"@type":"type.googleapis.com/google.firestore.admin.v1.LocationMetadata"},"locationId":"europe-west8","displayName":"Milan"},{"name":"projects/habit-flow-e1767/locations/europe-west9","labels":{"cloud.googleapis.com/location":"europe-west9","cloud.googleapis.com/region":"europe-west9"},"metadata":{"@type":"type.googleapis.com/google.firestore.admin.v1.LocationMetadata"},"locationId":"europe-west9","displayName":"Paris"},{"name":"projects/habit-flow-e1767/locations/me-central1","labels":{"cloud.googleapis.com/location":"me-central1","cloud.googleapis.com/region":"me-central1"},"metadata":{"@type":"type.googleapis.com/google.firestore.admin.v1.LocationMetadata"},"locationId":"me-central1","displayName":"Doha"},{"name":"projects/habit-flow-e1767/locations/me-central2","labels":{"cloud.googleapis.com/location":"me-central2","cloud.googleapis.com/region":"me-central2"},"metadata":{"@type":"type.googleapis.com/google.firestore.admin.v1.LocationMetadata"},"locationId":"me-central2","displayName":"Dammam"},{"name":"projects/habit-flow-e1767/locations/me-west1","labels":{"cloud.googleapis.com/location":"me-west1","cloud.googleapis.com/region":"me-west1"},"metadata":{"@type":"type.googleapis.com/google.firestore.admin.v1.LocationMetadata"},"locationId":"me-west1","displayName":"Tel Aviv"},{"name":"projects/habit-flow-e1767/locations/northamerica-northeast1","labels":{"appengine.googleapis.com/region":"northamerica-northeast1","cloud.googleapis.com/location":"northamerica-northeast1","cloud.googleapis.com/region":"northamerica-northeast1"},"metadata":{"@type":"type.googleapis.com/google.firestore.admin.v1.LocationMetadata"},"locationId":"northamerica-northeast1","displayName":"Montréal"},{"name":"projects/habit-flow-e1767/locations/northamerica-northeast2","labels":{"cloud.googleapis.com/location":"northamerica-northeast2","cloud.googleapis.com/region":"northamerica-northeast2"},"metadata":{"@type":"type.googleapis.com/google.firestore.admin.v1.LocationMetadata"},"locationId":"northamerica-northeast2","displayName":"Toronto"},{"name":"projects/habit-flow-e1767/locations/northamerica-south1","labels":{"cloud.googleapis.com/location":"northamerica-south1","cloud.googleapis.com/region":"northamerica-south1"},"metadata":{"@type":"type.googleapis.com/google.firestore.admin.v1.LocationMetadata"},"locationId":"northamerica-south1","displayName":"Mexico"},{"name":"projects/habit-flow-e1767/locations/southamerica-east1","labels":{"appengine.googleapis.com/region":"southamerica-east1","cloud.googleapis.com/location":"southamerica-east1","cloud.googleapis.com/region":"southamerica-east1"},"metadata":{"@type":"type.googleapis.com/google.firestore.admin.v1.LocationMetadata"},"locationId":"southamerica-east1","displayName":"São Paulo"},{"name":"projects/habit-flow-e1767/locations/southamerica-west1","labels":{"cloud.googleapis.com/location":"southamerica-west1","cloud.googleapis.com/region":"southamerica-west1"},"metadata":{"@type":"type.googleapis.com/google.firestore.admin.v1.LocationMetadata"},"locationId":"southamerica-west1","displayName":"Santiago"},{"name":"projects/habit-flow-e1767/locations/us-central1","labels":{"cloud.googleapis.com/location":"us-central1","cloud.googleapis.com/region":"us-central1"},"metadata":{"@type":"type.googleapis.com/google.firestore.admin.v1.LocationMetadata"},"locationId":"us-central1","displayName":"Iowa"},{"name":"projects/habit-flow-e1767/locations/us-east1","labels":{"appengine.googleapis.com/region":"us-east1","cloud.googleapis.com/location":"us-east1","cloud.googleapis.com/region":"us-east1"},"metadata":{"@type":"type.googleapis.com/google.firestore.admin.v1.LocationMetadata"},"locationId":"us-east1","displayName":"South Carolina"},{"name":"projects/habit-flow-e1767/locations/us-east4","labels":{"appengine.googleapis.com/region":"us-east4","cloud.googleapis.com/location":"us-east4","cloud.googleapis.com/region":"us-east4"},"metadata":{"@type":"type.googleapis.com/google.firestore.admin.v1.LocationMetadata"},"locationId":"us-east4","displayName":"Northern Virginia"},{"name":"projects/habit-flow-e1767/locations/us-east5","labels":{"cloud.googleapis.com/location":"us-east5","cloud.googleapis.com/region":"us-east5"},"metadata":{"@type":"type.googleapis.com/google.firestore.admin.v1.LocationMetadata"},"locationId":"us-east5","displayName":"Columbus"},{"name":"projects/habit-flow-e1767/locations/us-south1","labels":{"cloud.googleapis.com/location":"us-south1","cloud.googleapis.com/region":"us-south1"},"metadata":{"@type":"type.googleapis.com/google.firestore.admin.v1.LocationMetadata"},"locationId":"us-south1","displayName":"Dallas"},{"name":"projects/habit-flow-e1767/locations/us-west1","labels":{"appengine.googleapis.com/region":"us-west1","cloud.googleapis.com/location":"us-west1","cloud.googleapis.com/region":"us-west1"},"metadata":{"@type":"type.googleapis.com/google.firestore.admin.v1.LocationMetadata"},"locationId":"us-west1","displayName":"Oregon"},{"name":"projects/habit-flow-e1767/locations/us-west2","labels":{"appengine.googleapis.com/region":"us-west2","cloud.googleapis.com/location":"us-west2","cloud.googleapis.com/region":"us-west2"},"metadata":{"@type":"type.googleapis.com/google.firestore.admin.v1.LocationMetadata"},"locationId":"us-west2","displayName":"Los Angeles"},{"name":"projects/habit-flow-e1767/locations/us-west3","labels":{"appengine.googleapis.com/region":"us-west3","cloud.googleapis.com/location":"us-west3","cloud.googleapis.com/region":"us-west3"},"metadata":{"@type":"type.googleapis.com/google.firestore.admin.v1.LocationMetadata"},"locationId":"us-west3","displayName":"Salt Lake City"},{"name":"projects/habit-flow-e1767/locations/us-west4","labels":{"appengine.googleapis.com/region":"us-west4","cloud.googleapis.com/location":"us-west4","cloud.googleapis.com/region":"us-west4"},"metadata":{"@type":"type.googleapis.com/google.firestore.admin.v1.LocationMetadata"},"locationId":"us-west4","displayName":"Las Vegas"}]}
[info] 
[info] Firestore Security Rules allow you to define how and when to allow
[info] requests. You can keep these rules in your project directory
[info] and publish them with firebase deploy.
[info] 
[debug] [2026-03-23T18:30:29.716Z] Checked if tokens are valid: true, expires at: 1774293517875
[debug] [2026-03-23T18:30:29.716Z] Checked if tokens are valid: true, expires at: 1774293517875
[debug] [2026-03-23T18:30:29.717Z] >>> [apiv2][query] GET https://firebaserules.googleapis.com/v1/projects/habit-flow-e1767/releases pageSize=10&pageToken=
[debug] [2026-03-23T18:30:29.971Z] <<< [apiv2][status] GET https://firebaserules.googleapis.com/v1/projects/habit-flow-e1767/releases 200
[debug] [2026-03-23T18:30:29.972Z] <<< [apiv2][body] GET https://firebaserules.googleapis.com/v1/projects/habit-flow-e1767/releases {}
[info] i  firestore.rules is unchanged 
[info] 
[info] Firestore indexes allow you to perform complex queries while
[info] maintaining performance that scales with the size of the result
[info] set. You can keep index definitions in your project directory
[info] and publish them with firebase deploy.
[info] 
[debug] [2026-03-23T18:30:39.053Z] Checked if tokens are valid: true, expires at: 1774293517875
[debug] [2026-03-23T18:30:39.053Z] Checked if tokens are valid: true, expires at: 1774293517875
[debug] [2026-03-23T18:30:39.054Z] Checked if tokens are valid: true, expires at: 1774293517875
[debug] [2026-03-23T18:30:39.054Z] Checked if tokens are valid: true, expires at: 1774293517875
[debug] [2026-03-23T18:30:39.054Z] >>> [apiv2][query] GET https://firestore.googleapis.com/v1/projects/habit-flow-e1767/databases/(default)/collectionGroups/-/indexes [none]
[debug] [2026-03-23T18:30:39.057Z] >>> [apiv2][query] GET https://firestore.googleapis.com/v1/projects/habit-flow-e1767/databases/(default)/collectionGroups/-/fields?filter=indexConfig.usesAncestorConfig=false OR ttlConfig:* [none]
[debug] [2026-03-23T18:30:39.393Z] <<< [apiv2][status] GET https://firestore.googleapis.com/v1/projects/habit-flow-e1767/databases/(default)/collectionGroups/-/indexes 404
[debug] [2026-03-23T18:30:39.393Z] <<< [apiv2][body] GET https://firestore.googleapis.com/v1/projects/habit-flow-e1767/databases/(default)/collectionGroups/-/indexes {"error":{"code":404,"message":"Project 'habit-flow-e1767' or database '(default)' does not exist.","status":"NOT_FOUND"}}
[info] i  firestore.indexes.json is unchanged 
[info] 
=== Functions Setup
[debug] [2026-03-23T18:30:39.400Z] > command requires scopes: ["email","openid","https://www.googleapis.com/auth/cloudplatformprojects.readonly","https://www.googleapis.com/auth/firebase","https://www.googleapis.com/auth/cloud-platform"]
[debug] [2026-03-23T18:30:39.400Z] > authorizing via signed-in user (janiday0913@gmail.com)
[debug] [2026-03-23T18:30:39.400Z] [iam] checking project habit-flow-e1767 for permissions ["firebase.projects.get"]
[debug] [2026-03-23T18:30:39.401Z] Checked if tokens are valid: true, expires at: 1774293517875
[debug] [2026-03-23T18:30:39.401Z] Checked if tokens are valid: true, expires at: 1774293517875
[debug] [2026-03-23T18:30:39.401Z] >>> [apiv2][query] POST https://cloudresourcemanager.googleapis.com/v1/projects/habit-flow-e1767:testIamPermissions [none]
[debug] [2026-03-23T18:30:39.401Z] >>> [apiv2][(partial)header] POST https://cloudresourcemanager.googleapis.com/v1/projects/habit-flow-e1767:testIamPermissions  x-goog-user-project=habit-flow-e1767
[debug] [2026-03-23T18:30:39.401Z] >>> [apiv2][body] POST https://cloudresourcemanager.googleapis.com/v1/projects/habit-flow-e1767:testIamPermissions {"permissions":["firebase.projects.get"]}
[debug] [2026-03-23T18:30:39.403Z] <<< [apiv2][status] GET https://firestore.googleapis.com/v1/projects/habit-flow-e1767/databases/(default)/collectionGroups/-/fields?filter=indexConfig.usesAncestorConfig=false OR ttlConfig:* 404
[debug] [2026-03-23T18:30:39.404Z] <<< [apiv2][body] GET https://firestore.googleapis.com/v1/projects/habit-flow-e1767/databases/(default)/collectionGroups/-/fields?filter=indexConfig.usesAncestorConfig=false OR ttlConfig:* {"error":{"code":404,"message":"Project 'habit-flow-e1767' or database '(default)' does not exist.","status":"NOT_FOUND"}}
[debug] [2026-03-23T18:30:40.762Z] <<< [apiv2][status] POST https://cloudresourcemanager.googleapis.com/v1/projects/habit-flow-e1767:testIamPermissions 200
[debug] [2026-03-23T18:30:40.763Z] <<< [apiv2][body] POST https://cloudresourcemanager.googleapis.com/v1/projects/habit-flow-e1767:testIamPermissions {"permissions":["firebase.projects.get"]}
[info] 
Detected existing codebase(s): default

[info] Let's create a new codebase for your functions.
[info] A directory corresponding to the codebase will be created in your project
[info] with sample code pre-configured.

[info] See https://firebase.google.com/docs/functions/organize-functions for
[info] more information on organizing your functions using codebases.

[info] Functions can be deployed with firebase deploy.

[info] ✔  Wrote backend/.eslintrc.js 
[info] ✔  Wrote backend/package.json 
[info] ✔  Wrote backend/index.js 
[info] ✔  Wrote backend/.gitignore 
[info] 
=== Hosting Setup
[debug] [2026-03-23T18:31:28.844Z] Checked if tokens are valid: true, expires at: 1774293517875
[debug] [2026-03-23T18:31:28.844Z] Checked if tokens are valid: true, expires at: 1774293517875
[debug] [2026-03-23T18:31:28.844Z] >>> [apiv2][query] GET https://firebase.googleapis.com/v1beta1/projects/habit-flow-e1767 [none]
[debug] [2026-03-23T18:31:29.090Z] <<< [apiv2][status] GET https://firebase.googleapis.com/v1beta1/projects/habit-flow-e1767 200
[debug] [2026-03-23T18:31:29.090Z] <<< [apiv2][body] GET https://firebase.googleapis.com/v1beta1/projects/habit-flow-e1767 {"projectId":"habit-flow-e1767","projectNumber":"980356715150","displayName":"DailyTracker","name":"projects/habit-flow-e1767","resources":{"hostingSite":"habit-flow-e1767"},"state":"ACTIVE","etag":"1_d9a645aa-4bec-4896-9940-f9726b05b5e4"}
[info] 
[info] Your public directory is the folder (relative to your project directory) that
[info] will contain Hosting assets to be uploaded with firebase deploy. If you
[info] have a build process for your assets, use your build's output directory.
[info] 
[info] 
[info] i  Didn't detect a .git folder. Assuming /Users/jani./Documents/TaskTracker is the project root. 
[info] i  Authorizing with GitHub to upload your service account to a GitHub repository's secrets store. 
[info] 
[info] Visit this URL on this device to log in:
[info] https://github.com/login/oauth/authorize?client_id=89cf50f02ac6aaed3484&state=489982002&redirect_uri=http%3A%2F%2Flocalhost%3A9005&scope=read%3Auser%20repo%20public_repo
[info] 
[info] Waiting for authentication...
[debug] [2026-03-23T18:34:32.562Z] >>> [apiv2][query] POST https://github.com/login/oauth/access_token [none]
[debug] [2026-03-23T18:34:32.562Z] >>> [apiv2][body] POST https://github.com/login/oauth/access_token [stream]
[debug] [2026-03-23T18:34:32.842Z] <<< [apiv2][status] POST https://github.com/login/oauth/access_token 200
[debug] [2026-03-23T18:34:32.842Z] <<< [apiv2][body] POST https://github.com/login/oauth/access_token {"access_token":"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","token_type":"bearer","scope":"read:user,repo"}
[debug] [2026-03-23T18:34:32.849Z] >>> [apiv2][query] GET https://api.github.com/user [none]
[debug] [2026-03-23T18:34:33.040Z] <<< [apiv2][status] GET https://api.github.com/user 200
[debug] [2026-03-23T18:34:33.041Z] <<< [apiv2][body] GET https://api.github.com/user {"login":"Janiday15","id":222922185,"node_id":"U_kgDODUmFyQ","avatar_url":"https://avatars.githubusercontent.com/u/222922185?v=4","gravatar_id":"","url":"https://api.github.com/users/Janiday15","html_url":"https://github.com/Janiday15","followers_url":"https://api.github.com/users/Janiday15/followers","following_url":"https://api.github.com/users/Janiday15/following{/other_user}","gists_url":"https://api.github.com/users/Janiday15/gists{/gist_id}","starred_url":"https://api.github.com/users/Janiday15/starred{/owner}{/repo}","subscriptions_url":"https://api.github.com/users/Janiday15/subscriptions","organizations_url":"https://api.github.com/users/Janiday15/orgs","repos_url":"https://api.github.com/users/Janiday15/repos","events_url":"https://api.github.com/users/Janiday15/events{/privacy}","received_events_url":"https://api.github.com/users/Janiday15/received_events","type":"User","user_view_type":"private","site_admin":false,"name":"Jani","company":null,"blog":"","location":null,"email":null,"hireable":null,"bio":null,"twitter_username":null,"notification_email":null,"public_repos":4,"public_gists":0,"followers":0,"following":0,"created_at":"2025-07-26T04:33:25Z","updated_at":"2026-02-13T23:51:21Z","private_gists":0,"total_private_repos":0,"owned_private_repos":0,"disk_usage":493,"collaborators":0,"two_factor_authentication":false,"plan":{"name":"free","space":976562499,"collaborators":0,"private_repos":10000}}
[info] 
[info] ✔  Success! Logged into GitHub as Janiday15 
[info] 
[debug] [2026-03-23T23:23:23.817Z] >>> [apiv2][query] GET https://api.github.com/repos//actions/secrets/public-key type=owner
[debug] [2026-03-23T23:23:23.976Z] <<< [apiv2][status] GET https://api.github.com/repos//actions/secrets/public-key 404
[debug] [2026-03-23T23:23:23.976Z] <<< [apiv2][body] GET https://api.github.com/repos//actions/secrets/public-key {"message":"Not Found","documentation_url":"https://docs.github.com/rest","status":"404"}
[info] 
[info] 
[error] ⚠  The provided authorization cannot be used with this repository. If this repository is in an organization, did you remember to grant access? 
[info] 
[info] i  Action required: Visit this URL to ensure access has been granted to the appropriate organization(s) for the Firebase CLI GitHub OAuth App: 
[info] https://github.com/settings/connections/applications/89cf50f02ac6aaed3484
[info] 
[debug] [2026-03-23T23:27:10.498Z] >>> [apiv2][query] GET https://api.github.com/repos/no/actions/secrets/public-key type=owner
[debug] [2026-03-23T23:27:10.647Z] <<< [apiv2][status] GET https://api.github.com/repos/no/actions/secrets/public-key 404
[debug] [2026-03-23T23:27:10.648Z] <<< [apiv2][body] GET https://api.github.com/repos/no/actions/secrets/public-key {"message":"Not Found","documentation_url":"https://docs.github.com/rest","status":"404"}
[info] 
[info] 
[error] ⚠  The provided authorization cannot be used with this repository. If this repository is in an organization, did you remember to grant access? 
[info] 
[info] i  Action required: Visit this URL to ensure access has been granted to the appropriate organization(s) for the Firebase CLI GitHub OAuth App: 
[info] https://github.com/settings/connections/applications/89cf50f02ac6aaed3484
[info] 
[debug] [2026-03-23T23:28:16.529Z] >>> [apiv2][query] GET https://api.github.com/repos//actions/secrets/public-key type=owner
[debug] [2026-03-23T23:28:16.662Z] <<< [apiv2][status] GET https://api.github.com/repos//actions/secrets/public-key 404
[debug] [2026-03-23T23:28:16.664Z] <<< [apiv2][body] GET https://api.github.com/repos//actions/secrets/public-key {"message":"Not Found","documentation_url":"https://docs.github.com/rest","status":"404"}
[info] 
[info] 
[error] ⚠  The provided authorization cannot be used with this repository. If this repository is in an organization, did you remember to grant access? 
[info] 
[info] i  Action required: Visit this URL to ensure access has been granted to the appropriate organization(s) for the Firebase CLI GitHub OAuth App: 
[info] https://github.com/settings/connections/applications/89cf50f02ac6aaed3484
[info] 
[debug] [2026-03-23T23:28:18.636Z] >>> [apiv2][query] GET https://api.github.com/repos//actions/secrets/public-key type=owner
[debug] [2026-03-23T23:28:18.735Z] <<< [apiv2][status] GET https://api.github.com/repos//actions/secrets/public-key 404
[debug] [2026-03-23T23:28:18.735Z] <<< [apiv2][body] GET https://api.github.com/repos//actions/secrets/public-key {"message":"Not Found","documentation_url":"https://docs.github.com/rest","status":"404"}
[info] 
[info] 
[error] ⚠  The provided authorization cannot be used with this repository. If this repository is in an organization, did you remember to grant access? 
[info] 
[info] i  Action required: Visit this URL to ensure access has been granted to the appropriate organization(s) for the Firebase CLI GitHub OAuth App: 
[info] https://github.com/settings/connections/applications/89cf50f02ac6aaed3484
[info] 
[debug] [2026-03-23T23:28:24.466Z] >>> [apiv2][query] GET https://api.github.com/repos/n/actions/secrets/public-key type=owner
[debug] [2026-03-23T23:28:24.568Z] <<< [apiv2][status] GET https://api.github.com/repos/n/actions/secrets/public-key 404
[debug] [2026-03-23T23:28:24.568Z] <<< [apiv2][body] GET https://api.github.com/repos/n/actions/secrets/public-key {"message":"Not Found","documentation_url":"https://docs.github.com/rest","status":"404"}
[info] 
[info] 
[error] ⚠  The provided authorization cannot be used with this repository. If this repository is in an organization, did you remember to grant access? 
[info] 
[info] i  Action required: Visit this URL to ensure access has been granted to the appropriate organization(s) for the Firebase CLI GitHub OAuth App: 
[info] https://github.com/settings/connections/applications/89cf50f02ac6aaed3484
[info] 
[debug] [2026-03-23T23:28:32.203Z] ExitPromptError: User force closed the prompt with SIGINT
    at Interface.sigint (/opt/homebrew/lib/node_modules/firebase-tools/node_modules/@inquirer/core/dist/commonjs/lib/create-prompt.js:101:37)
    at Interface.emit (node:events:507:28)
    at [_ttyWrite] [as _ttyWrite] (node:internal/readline/interface:1315:18)
    at ReadStream.onkeypress (node:internal/readline/interface:284:20)
    at ReadStream.emit (node:events:519:35)
    at emitKeys (node:internal/readline/utils:371:14)
    at emitKeys.next (<anonymous>)
    at ReadStream.onData (node:internal/readline/emitKeypressEvents:64:36)
    at ReadStream.emit (node:events:507:28)
    at addChunk (node:internal/streams/readable:559:12)
[error] 
[error] Error: An unexpected error has occurred.
